// Jest Snapshot v1, https://goo.gl/fbAQLP

exports[`<PostCard /> should match snapshot 1`] = `
<div
  class="post"
>
  <img
    alt="title 1"
    src="img/img.png"
  />
  <div
    class="post-content"
  >
    <h1>
       
      title 1
       
      1
    </h1>
      
    <p>
       
      body 1
       
    </p>
  </div>
</div>
`;
